// Jest Snapshot v1, https://goo.gl/fbAQLP

exports[`adds 1 + 2 to equal 3 1`] = `
Array [
  "query TEST {
  user {
    name
    __typename
  }
}
",
  "query TEST {
  user {
    age
    __typename
  }
}
",
]
`;
